[www.harvestcoin.org/index.html]
[backblue.gif]
[fade.gif]
[index.html]
[www.harvestcoin.org/images/favicon-32x32.png]
[maxcdn.bootstrapcdn.com/bootstrap/3.3.7/css/bootstrap.min.css]
[maxcdn.bootstrapcdn.com/font-awesome/4.7.0/css/font-awesome.min.css]
[ajax.googleapis.com/ajax/libs/jquery/3.2.1/jquery.min.js]
[maxcdn.bootstrapcdn.com/bootstrap/3.3.7/js/bootstrap.min.js]
[www.harvestcoin.org/images/logo.png]
[www.harvestcoin.org/index-2.html]
[www.harvestcoin.org/masternode.html]
[www.harvestcoin.org/download-white-paper.html]
[www.harvestcoin.org/images/HMC_WHITEpaper.pdf]
[www.harvestcoin.org/road-map.html]
[www.harvestcoin.org/sign_in.html]
[www.harvestcoin.org/images/hw1.png]
[www.harvestcoin.org/images/hw2.png]
[www.harvestcoin.org/images/hw3.png]
[www.harvestcoin.org/images/how-it-work-bottom.png]
[www.harvestcoin.org/images/white-paper.jpg]
[www.harvestcoin.org/images/video-bg.png]
[www.harvestcoin.org/images/home_new.png]
[www.harvestcoin.org/images/logo_new_3.png]
[www.harvestcoin.org/images/where-do-start.png]
[www.harvestcoin.org/images/where-do-start-new.jpg]
[www.harvestcoin.org/images/cross-x.png]
[www.harvestcoin.org/images/coinmarketcap1.png]
[www.harvestcoin.org/images/logo1.png]
[www.harvestcoin.org/images/bitcointalk-logo2.png]
[www.harvestcoin.org/images/github1.png]
[www.harvestcoin.org/images/maxresdefault_gide.png]
[www.harvestcoin.org/images/white-loog.png]
[www.harvestcoin.org/terms.html]
[www.harvestcoin.org/privacy.html]
[www.harvestcoin.org/js/css3-animate-it.js]
[www.harvestcoin.org/index.html]
[maxcdn.bootstrapcdn.com/bootstrap/3.3.7/css/bootstrap.min.css]
[www.harvestcoin.org/fonts/American_Captain_Patrius/American_Captain_Patrius_02_FREd41d.eot]
[www.harvestcoin.org/fonts/American_Captain_Patrius/American_Captain_Patrius_02_FRE.woff]
[www.harvestcoin.org/fonts/American_Captain_Patrius/American_Captain_Patrius_02_FRE.ttf]
[www.harvestcoin.org/images/header-bg.jpg]
[www.harvestcoin.org/images/header-footer-section.jpg]
[www.harvestcoin.org/images/bg-s1.png]
[www.harvestcoin.org/images/v-bg-min.png]
[www.harvestcoin.org/images/get-white-paper-image.png]
[www.harvestcoin.org/images/hero.jpg]
[www.harvestcoin.org/images/n-bg.png]
[www.harvestcoin.org/images/footer-bg.png]
[www.harvestcoin.org/images/inner-page-bg.png]
[www.harvestcoin.org/css/style.css]
[www.harvestcoin.org/css/animations.css]
[www.harvestcoin.org/css/animations-ie-fix.css]
[www.harvestcoin.org/css/responsive-only.css]
[maxcdn.bootstrapcdn.com/font-awesome/4.7.0/css/font-awesome.min.css]
[www.harvestcoin.org/index-2.html]
[www.harvestcoin.org/masternode.html]
[www.harvestcoin.org/images/Harvest-qt (Window).zip]
[www.harvestcoin.org/images/Harvest-qt (Mac).zip]
[www.harvestcoin.org/images/Harvest-qt (Linux).zip]
[www.harvestcoin.org/download-white-paper.html]
[www.harvestcoin.org/images/road-map.png]
[www.harvestcoin.org/road-map.html]
[www.harvestcoin.org/recover_password.html]
[www.harvestcoin.org/sign_up.html]
[www.harvestcoin.org/sign_in.html]
[www.harvestcoin.org/terms.html]
[www.harvestcoin.org/privacy.html]
[www.harvestcoin.org/fonts/American_Captain_Patrius/American_Captain_Patrius_02_FRE.svg]
[www.harvestcoin.org/recover_password.html]
[www.harvestcoin.org/sign_up.html]
